apiVersion: networking.istio.io/v1alpha3
kind: Gateway
metadata:
  annotations:
    internal.istio.io/gateway-service: higress-gateway.higress-system.svc.domain.suffix
    internal.istio.io/parents: Gateway/gateway/default.higress-system
  creationTimestamp: null
  name: gateway-istio-autogenerated-k8s-gateway-default
  namespace: higress-system
spec:
  servers:
  - hosts:
    - '*/*.domain.example'
    port:
      name: default
      number: 80
      protocol: HTTP
---
apiVersion: networking.istio.io/v1alpha3
kind: VirtualService
metadata:
  annotations:
    internal.istio.io/parents: HTTPRoute/http.default
    internal.istio.io/route-semantics: gateway
  creationTimestamp: null
  name: http-0-istio-autogenerated-k8s-gateway
  namespace: default
spec:
  gateways:
  - higress-system/gateway-istio-autogenerated-k8s-gateway-default
  hosts:
  - first.domain.example
  http:
  - match:
    - uri:
        prefix: /
    name: default/http
    route:
    - destination:
        host: httpbin.default.svc.domain.suffix
        port:
          number: 80
---
apiVersion: networking.istio.io/v1alpha3
kind: VirtualService
metadata:
  annotations:
    internal.istio.io/parents: HTTPRoute/http.default
    internal.istio.io/route-semantics: gateway
  creationTimestamp: null
  name: http-1-istio-autogenerated-k8s-gateway
  namespace: default
spec:
  gateways:
  - higress-system/gateway-istio-autogenerated-k8s-gateway-default
  hosts:
  - another.domain.example
  http:
  - match:
    - uri:
        prefix: /
    name: default/http
    route:
    - destination:
        host: httpbin.default.svc.domain.suffix
        port:
          number: 80
---
