apiVersion: gateway.networking.k8s.io/v1beta1
kind: GatewayClass
metadata:
  creationTimestamp: null
  name: higress
  namespace: default
spec: null
status:
  conditions:
  - lastTransitionTime: fake
    message: Handled by Higress controller
    reason: Accepted
    status: "True"
    type: Accepted
---
apiVersion: gateway.networking.k8s.io/v1beta1
kind: Gateway
metadata:
  creationTimestamp: null
  name: gateway
  namespace: higress-system
spec: null
status:
  addresses:
  - type: IPAddress
    value: 1.2.3.4
  conditions:
  - lastTransitionTime: fake
    message: Resource accepted
    reason: Accepted
    status: "True"
    type: Accepted
  - lastTransitionTime: fake
    message: Resource programmed, assigned to service(s) higress-gateway.higress-system.svc.domain.suffix:80
    reason: Programmed
    status: "True"
    type: Programmed
  listeners:
  - attachedRoutes: 6
    conditions:
    - lastTransitionTime: fake
      message: No errors found
      reason: Accepted
      status: "True"
      type: Accepted
    - lastTransitionTime: fake
      message: No errors found
      reason: NoConflicts
      status: "False"
      type: Conflicted
    - lastTransitionTime: fake
      message: No errors found
      reason: Programmed
      status: "True"
      type: Programmed
    - lastTransitionTime: fake
      message: No errors found
      reason: ResolvedRefs
      status: "True"
      type: ResolvedRefs
    name: default
    supportedKinds:
    - group: gateway.networking.k8s.io
      kind: HTTPRoute
---
apiVersion: gateway.networking.k8s.io/v1beta1
kind: HTTPRoute
metadata:
  creationTimestamp: null
  name: http
  namespace: default
spec: null
status:
  parents:
  - conditions:
    - lastTransitionTime: fake
      message: Route was valid
      reason: Accepted
      status: "True"
      type: Accepted
    - lastTransitionTime: fake
      message: All references resolved
      reason: ResolvedRefs
      status: "True"
      type: ResolvedRefs
    controllerName: higress.io/gateway-controller
    parentRef:
      name: gateway
      namespace: higress-system
---
apiVersion: gateway.networking.k8s.io/v1beta1
kind: HTTPRoute
metadata:
  creationTimestamp: null
  name: http-not-selected
  namespace: default
spec: null
status:
  parents:
  - conditions:
    - lastTransitionTime: fake
      message: no hostnames matched parent hostname "*.domain.example"
      reason: NoMatchingListenerHostname
      status: "False"
      type: Accepted
    - lastTransitionTime: fake
      message: All references resolved
      reason: ResolvedRefs
      status: "True"
      type: ResolvedRefs
    controllerName: higress.io/gateway-controller
    parentRef:
      name: gateway
      namespace: higress-system
---
apiVersion: gateway.networking.k8s.io/v1beta1
kind: HTTPRoute
metadata:
  creationTimestamp: null
  name: http2
  namespace: default
spec: null
status:
  parents:
  - conditions:
    - lastTransitionTime: fake
      message: Route was valid
      reason: Accepted
      status: "True"
      type: Accepted
    - lastTransitionTime: fake
      message: All references resolved
      reason: ResolvedRefs
      status: "True"
      type: ResolvedRefs
    controllerName: higress.io/gateway-controller
    parentRef:
      name: gateway
      namespace: higress-system
---
apiVersion: gateway.networking.k8s.io/v1beta1
kind: HTTPRoute
metadata:
  creationTimestamp: null
  name: mirror
  namespace: default
spec: null
status:
  parents:
  - conditions:
    - lastTransitionTime: fake
      message: Route was valid
      reason: Accepted
      status: "True"
      type: Accepted
    - lastTransitionTime: fake
      message: All references resolved
      reason: ResolvedRefs
      status: "True"
      type: ResolvedRefs
    controllerName: higress.io/gateway-controller
    parentRef:
      name: gateway
      namespace: higress-system
---
apiVersion: gateway.networking.k8s.io/v1beta1
kind: HTTPRoute
metadata:
  creationTimestamp: null
  name: redirect
  namespace: default
spec: null
status:
  parents:
  - conditions:
    - lastTransitionTime: fake
      message: Route was valid
      reason: Accepted
      status: "True"
      type: Accepted
    - lastTransitionTime: fake
      message: All references resolved
      reason: ResolvedRefs
      status: "True"
      type: ResolvedRefs
    controllerName: higress.io/gateway-controller
    parentRef:
      name: gateway
      namespace: higress-system
---
apiVersion: gateway.networking.k8s.io/v1beta1
kind: HTTPRoute
metadata:
  creationTimestamp: null
  name: redirect-prefix-replace
  namespace: default
spec: null
status:
  parents:
  - conditions:
    - lastTransitionTime: fake
      message: Route was valid
      reason: Accepted
      status: "True"
      type: Accepted
    - lastTransitionTime: fake
      message: All references resolved
      reason: ResolvedRefs
      status: "True"
      type: ResolvedRefs
    controllerName: higress.io/gateway-controller
    parentRef:
      name: gateway
      namespace: higress-system
---
apiVersion: gateway.networking.k8s.io/v1beta1
kind: HTTPRoute
metadata:
  creationTimestamp: null
  name: rewrite
  namespace: default
spec: null
status:
  parents:
  - conditions:
    - lastTransitionTime: fake
      message: Route was valid
      reason: Accepted
      status: "True"
      type: Accepted
    - lastTransitionTime: fake
      message: All references resolved
      reason: ResolvedRefs
      status: "True"
      type: ResolvedRefs
    controllerName: higress.io/gateway-controller
    parentRef:
      name: gateway
      namespace: higress-system
---
