apiVersion: networking.istio.io/v1alpha3
kind: Gateway
metadata:
  annotations:
    internal.istio.io/gateway-service: higress-gateway.higress-system.svc.domain.suffix
    internal.istio.io/parents: Gateway/gateway/default.higress-system
  creationTimestamp: null
  name: gateway-istio-autogenerated-k8s-gateway-default
  namespace: higress-system
spec:
  servers:
  - hosts:
    - higress-system/*
    port:
      name: default
      number: 34000
      protocol: TCP
---
apiVersion: networking.istio.io/v1alpha3
kind: VirtualService
metadata:
  annotations:
    internal.istio.io/parents: TCPRoute/tcp.higress-system
    internal.istio.io/route-semantics: gateway
  creationTimestamp: null
  name: tcp-tcp-istio-autogenerated-k8s-gateway
  namespace: higress-system
spec:
  gateways:
  - higress-system/gateway-istio-autogenerated-k8s-gateway-default
  hosts:
  - '*'
  tcp:
  - route:
    - destination:
        host: echo.higress-system.svc.domain.suffix
        port:
          number: 80
---
