apiVersion: networking.istio.io/v1alpha3
kind: Gateway
metadata:
  annotations:
    internal.istio.io/gateway-service: higress-gateway.higress-system.svc.domain.suffix,higress-gateway.not-default.svc.domain.suffix,example.com
    internal.istio.io/parents: Gateway/gateway/http.higress-system
  creationTimestamp: null
  name: gateway-istio-autogenerated-k8s-gateway-http
  namespace: higress-system
spec:
  servers:
  - hosts:
    - higress-system/*.domain.example
    port:
      name: default
      number: 80
      protocol: HTTP
---
apiVersion: networking.istio.io/v1alpha3
kind: Gateway
metadata:
  annotations:
    internal.istio.io/gateway-service: higress-gateway.higress-system.svc.domain.suffix,higress-gateway.not-default.svc.domain.suffix,example.com
    internal.istio.io/parents: Gateway/gateway/tcp.higress-system
  creationTimestamp: null
  name: gateway-istio-autogenerated-k8s-gateway-tcp
  namespace: higress-system
spec:
  servers:
  - hosts:
    - '*/*'
    port:
      name: default
      number: 34000
      protocol: TCP
---
