apiVersion: gateway.networking.k8s.io/v1beta1
kind: Gateway
metadata:
  creationTimestamp: null
  name: gateway
  namespace: higress-system
spec: null
status:
  addresses:
  - type: IPAddress
    value: 1.2.3.4
  conditions:
  - lastTransitionTime: fake
    message: Resource accepted
    reason: Accepted
    status: "True"
    type: Accepted
  - lastTransitionTime: fake
    message: Resource programmed, assigned to service(s) higress-gateway.higress-system.svc.domain.suffix:80
    reason: Programmed
    status: "True"
    type: Programmed
  listeners:
  - attachedRoutes: 2
    conditions:
    - lastTransitionTime: fake
      message: No errors found
      reason: Accepted
      status: "True"
      type: Accepted
    - lastTransitionTime: fake
      message: No errors found
      reason: NoConflicts
      status: "False"
      type: Conflicted
    - lastTransitionTime: fake
      message: No errors found
      reason: Programmed
      status: "True"
      type: Programmed
    - lastTransitionTime: fake
      message: No errors found
      reason: ResolvedRefs
      status: "True"
      type: ResolvedRefs
    name: simple
    supportedKinds:
    - group: gateway.networking.k8s.io
      kind: HTTPRoute
---
apiVersion: gateway.networking.k8s.io/v1beta1
kind: HTTPRoute
metadata:
  creationTimestamp: null
  name: backend-not-allowed
  namespace: higress-system
spec: null
status:
  parents:
  - conditions:
    - lastTransitionTime: fake
      message: Route was valid
      reason: Accepted
      status: "True"
      type: Accepted
    - lastTransitionTime: fake
      message: backendRef httpbin/default not accessible to a route in namespace "higress-system"
        (missing a ReferenceGrant?)
      reason: RefNotPermitted
      status: "False"
      type: ResolvedRefs
    controllerName: higress.io/gateway-controller
    parentRef:
      name: gateway
      namespace: higress-system
---
apiVersion: gateway.networking.k8s.io/v1beta1
kind: HTTPRoute
metadata:
  creationTimestamp: null
  name: http
  namespace: higress-system
spec: null
status:
  parents:
  - conditions:
    - lastTransitionTime: fake
      message: Route was valid
      reason: Accepted
      status: "True"
      type: Accepted
    - lastTransitionTime: fake
      message: All references resolved
      reason: ResolvedRefs
      status: "True"
      type: ResolvedRefs
    controllerName: higress.io/gateway-controller
    parentRef:
      name: gateway
      namespace: higress-system
---
