apiVersion: networking.istio.io/v1alpha3
kind: Gateway
metadata:
  annotations:
    internal.istio.io/gateway-service: higress-gateway.higress-system.svc.domain.suffix
    internal.istio.io/parents: Gateway/gateway/simple.higress-system
  creationTimestamp: null
  name: gateway-istio-autogenerated-k8s-gateway-simple
  namespace: higress-system
spec:
  servers:
  - hosts:
    - '*/*.domain.example'
    port:
      name: default
      number: 80
      protocol: HTTP
---
apiVersion: networking.istio.io/v1alpha3
kind: VirtualService
metadata:
  annotations:
    internal.istio.io/parents: HTTPRoute/backend-not-allowed.higress-system
    internal.istio.io/route-semantics: gateway
  creationTimestamp: null
  name: backend-not-allowed-0-istio-autogenerated-k8s-gateway
  namespace: higress-system
spec:
  gateways:
  - higress-system/gateway-istio-autogenerated-k8s-gateway-simple
  hosts:
  - simple2.domain.example
  http:
  - name: backend-not-allowed
    route:
    - destination:
        host: my-svc.service.svc.domain.suffix
        port:
          number: 80
      weight: 1
    - destination: {}
      weight: 1
---
apiVersion: networking.istio.io/v1alpha3
kind: VirtualService
metadata:
  annotations:
    internal.istio.io/parents: HTTPRoute/http.higress-system
    internal.istio.io/route-semantics: gateway
  creationTimestamp: null
  name: http-0-istio-autogenerated-k8s-gateway
  namespace: higress-system
spec:
  gateways:
  - higress-system/gateway-istio-autogenerated-k8s-gateway-simple
  hosts:
  - simple.domain.example
  http:
  - name: http
    route:
    - destination:
        host: my-svc.service.svc.domain.suffix
        port:
          number: 80
---
