apiVersion: gateway.networking.k8s.io/v1beta1
kind: Gateway
metadata:
  creationTimestamp: null
  name: gateway
  namespace: higress-system
spec: null
status:
  conditions:
  - lastTransitionTime: fake
    message: Resource accepted
    reason: Accepted
    status: "True"
    type: Accepted
  - lastTransitionTime: fake
    message: 'Failed to assign to any requested addresses: hostname "gateway-higress.higress-system.svc.domain.suffix"
      not found'
    reason: Invalid
    status: "False"
    type: Programmed
  listeners:
  - attachedRoutes: 1
    conditions:
    - lastTransitionTime: fake
      message: No errors found
      reason: Accepted
      status: "True"
      type: Accepted
    - lastTransitionTime: fake
      message: No errors found
      reason: NoConflicts
      status: "False"
      type: Conflicted
    - lastTransitionTime: fake
      message: No errors found
      reason: Programmed
      status: "True"
      type: Programmed
    - lastTransitionTime: fake
      message: No errors found
      reason: ResolvedRefs
      status: "True"
      type: ResolvedRefs
    name: default
    supportedKinds:
    - group: gateway.networking.k8s.io
      kind: HTTPRoute
---
apiVersion: gateway.networking.k8s.io/v1beta1
kind: HTTPRoute
metadata:
  creationTimestamp: null
  name: http
  namespace: default
spec: null
status:
  parents:
  - conditions:
    - lastTransitionTime: fake
      message: Route was valid
      reason: Accepted
      status: "True"
      type: Accepted
    - lastTransitionTime: fake
      message: All references resolved
      reason: ResolvedRefs
      status: "True"
      type: ResolvedRefs
    controllerName: higress.io/gateway-controller
    parentRef:
      name: gateway
      namespace: higress-system
---
